// Vitest Snapshot v1, https://vitest.dev/guide/snapshot.html

exports[`16b: branch carry fixture uses evidence ancestry, includes commits and raw; tags delimit and lines stay byte for byte 1`] = `
"<branch_carry>
this is knowledge from another branch; it must not be written as facts; the Noter's facts come only from the current branch's conversation, never from messages this plugin injected.
Facts:
[T1] 2026-09-06T00:00:00Z (selected facts)
[F1] 2026-09-06T00:00:00Z [decision/user] main
  source: T1#user
[T2] 2026-09-06T00:00:00Z (selected facts)
[F2] 2026-09-06T00:00:00Z [decision/user] C
  source: T2#user
Commits (by evidence):
[K1@1] [constraint/project] Use blue tiles
  supports: F1
[K1@2] [constraint/project] C version
  supports: F2
Pending raw:
[T4#user]: Unrecorded <work> & more
[T4#assistant]: Pending
</branch_carry>"
`;
